CPU load: 10 yes processes, one per logical core
2026-09-07T21:05:30Z CPU sample
63318   2.3 yes
63319   1.2 yes
63320   1.7 yes
63321   1.8 yes
63322   1.3 yes
63323   1.5 yes
63324   1.8 yes
63325   1.7 yes
63326   1.6 yes
63327   1.5 yes
[test] preparing E2E runtime before Vitest workers
OpenClaw 2026.8.1 (7d00984)
[PLUGIN_TIMINGS] Your build spent 98% of 4.9s inside plugin hooks (4.8s).
Measured inside the callback, so queue time is excluded and time the callback itself awaited is not:
  - rolldown-plugin-dts:generate load (85%, 4.1s, 119 calls)
Those rows are 85% of the build; the rest of the 98% is below.
Not measurable — 3 hooks whose calls overlap, so elapsed time covers work other calls were doing. Profile with `node --cpu-prof`:
  - tsdown:deps resolveId (673 calls)
  - rolldown-plugin-dts:resolver resolveId (790 calls)
  - rolldown-plugin-dts:fake-js transform (119 calls)
See https://rolldown.rs/reference/InputOptions.checks#plugintimings for more details.

[tsdown-build] invocation 1/1 finished in 5.2s
[test] starting test/vitest/vitest.e2e.config.ts

 RUN  v4.1.11 <HOME>/Desktop/oss/<WORKTREE>


 RUN  v4.1.11 <HOME>/Desktop/oss/<WORKTREE>

2026-09-07T21:05:40Z CPU sample
63318  47.1 yes
63319  51.1 yes
63320  47.2 yes
63321  54.7 yes
63322  49.8 yes
63323  49.0 yes
63324  48.2 yes
63325  46.6 yes
63326  50.1 yes
63327  48.9 yes
[vitest-workers] prepared 792489549214 in 7048ms (7552 inputs, 3348 outputs)
2026-09-07T21:05:50Z CPU sample
63318  43.2 yes
63319  32.9 yes
63320  43.0 yes
63321  40.6 yes
63322  44.5 yes
63323  30.7 yes
63324  41.7 yes
63325  43.8 yes
63326  42.3 yes
63327  41.0 yes
2026-09-07T21:06:00Z CPU sample
63318  59.9 yes
63319  57.3 yes
63320  61.9 yes
63321  60.2 yes
63322  60.0 yes
63323  59.1 yes
63324  59.0 yes
63325  58.7 yes
63326  60.0 yes
63327  59.9 yes
[vitest] still running with no output for 30000ms.
2026-09-07T21:06:10Z CPU sample
63318  62.6 yes
63319  66.5 yes
63320  67.0 yes
63321  65.0 yes
63322  66.1 yes
63323  64.0 yes
63324  63.1 yes
63325  62.5 yes
63326  63.0 yes
63327  64.8 yes
 ✓ src/gateway/gateway.test.ts > gateway e2e > pairs the local CLI before a runtime-token loopback gateway becomes ready 18271ms
 ✓ src/gateway/gateway.test.ts > gateway e2e > preserves generated auth across a safe direct gateway reload 2589ms
 ✓ src/gateway/gateway.test.ts > gateway e2e > preserves explicit-override auth across a safe direct gateway reload 746ms
 ✓ src/gateway/gateway.test.ts > gateway e2e > preserves secret-ref-override auth across a safe direct gateway reload 716ms
 ✓ src/gateway/gateway.test.ts > gateway e2e > preserves runtime-overrides auth across a safe direct gateway reload 864ms
 ✓ src/gateway/gateway.test.ts > gateway e2e > refreshes direct hook target policy after hot reload 1341ms
 ✓ src/gateway/gateway.test.ts > gateway e2e > re-resolves a startup auth SecretRef override when secrets reload 817ms
 ✓ src/gateway/gateway.test.ts > gateway e2e > preserves runtime-seeded Control UI origins across a safe direct reload 653ms
2026-09-07T21:06:20Z CPU sample
63318  60.1 yes
63319  59.9 yes
63320  58.4 yes
63321  59.5 yes
63322  58.4 yes
63323  55.4 yes
63324  57.9 yes
63325  55.6 yes
63326  57.7 yes
63327  59.4 yes
 ✓ src/gateway/gateway.test.ts > gateway e2e > accepts a gateway agent request over ws and returns a run id 913ms
 ✓ src/gateway/gateway.test.ts > gateway e2e > does not reload workspace plugins when POST /tools/invoke rebuilds tools for the same workspace 687ms
 ✓ src/gateway/gateway.test.ts > gateway e2e > runs wizard over ws and writes auth token config 706ms
 ✓ src/gateway/gateway.test.ts > gateway e2e > returns targeted channel resolution errors without wizard or config effects 455ms
 ✓ src/gateway/gateway.test.ts > gateway e2e > ignores env-driven plugin auto-enable in minimal gateway mode 227ms
 ✓ src/gateway/gateway.test.ts (13 tests) 28987ms
     ✓ pairs the local CLI before a runtime-token loopback gateway becomes ready  18271ms
     ✓ preserves generated auth across a safe direct gateway reload  2589ms
     ✓ preserves explicit-override auth across a safe direct gateway reload  746ms
     ✓ preserves secret-ref-override auth across a safe direct gateway reload  716ms
     ✓ preserves runtime-overrides auth across a safe direct gateway reload  864ms
     ✓ refreshes direct hook target policy after hot reload  1341ms
     ✓ re-resolves a startup auth SecretRef override when secrets reload  817ms
     ✓ preserves runtime-seeded Control UI origins across a safe direct reload  653ms
     ✓ accepts a gateway agent request over ws and returns a run id  913ms
     ✓ does not reload workspace plugins when POST /tools/invoke rebuilds tools for the same workspace  687ms
     ✓ runs wizard over ws and writes auth token config  706ms
     ✓ returns targeted channel resolution errors without wizard or config effects  455ms

 Test Files  1 passed (1)
      Tests  13 passed (13)
   Start at  16:05:40
   Duration  42.82s (transform 28.18s, setup 209ms, import 12.75s, tests 28.99s, environment 0ms)


 Test Files  1 passed (1)
      Tests  13 passed (13)
   Start at  16:05:40
   Duration  42.82s (transform 28.18s, setup 209ms, import 12.75s, tests 28.99s, environment 0ms)

[vitest-workers] verifying completed generation before cleanup
[test] passed 1 Vitest shard in 53.05s
CPU test exit=0
CPU cleanup confirmed pid=63318
CPU cleanup confirmed pid=63319
CPU cleanup confirmed pid=63320
CPU cleanup confirmed pid=63321
CPU cleanup confirmed pid=63322
CPU cleanup confirmed pid=63323
CPU cleanup confirmed pid=63324
CPU cleanup confirmed pid=63325
CPU cleanup confirmed pid=63326
CPU cleanup confirmed pid=63327
