[test] preparing E2E runtime before Vitest workers
OpenClaw 2026.8.1 (7d00984)
[tsdown-build] invocation 1/1 finished in 3.0s
[test] starting test/vitest/vitest.e2e.config.ts

 RUN  v4.1.11 <HOME>/Desktop/oss/<WORKTREE>


 RUN  v4.1.11 <HOME>/Desktop/oss/<WORKTREE>

[vitest-workers] prepared 792489549214 in 3237ms (7552 inputs, 3348 outputs)
 ✓ src/gateway/gateway.test.ts > gateway e2e > pairs the local CLI before a runtime-token loopback gateway becomes ready 7117ms
 ✓ src/gateway/gateway.test.ts > gateway e2e > preserves generated auth across a safe direct gateway reload 1327ms
 ✓ src/gateway/gateway.test.ts > gateway e2e > preserves explicit-override auth across a safe direct gateway reload 555ms
 ✓ src/gateway/gateway.test.ts > gateway e2e > preserves secret-ref-override auth across a safe direct gateway reload 540ms
 ✓ src/gateway/gateway.test.ts > gateway e2e > preserves runtime-overrides auth across a safe direct gateway reload 642ms
 ✓ src/gateway/gateway.test.ts > gateway e2e > refreshes direct hook target policy after hot reload 1168ms
 ✓ src/gateway/gateway.test.ts > gateway e2e > re-resolves a startup auth SecretRef override when secrets reload 517ms
 ✓ src/gateway/gateway.test.ts > gateway e2e > preserves runtime-seeded Control UI origins across a safe direct reload 530ms
 ✓ src/gateway/gateway.test.ts > gateway e2e > accepts a gateway agent request over ws and returns a run id 553ms
 ✓ src/gateway/gateway.test.ts > gateway e2e > does not reload workspace plugins when POST /tools/invoke rebuilds tools for the same workspace 395ms
 ✓ src/gateway/gateway.test.ts > gateway e2e > runs wizard over ws and writes auth token config 627ms
 ✓ src/gateway/gateway.test.ts > gateway e2e > returns targeted channel resolution errors without wizard or config effects 297ms
 ✓ src/gateway/gateway.test.ts > gateway e2e > ignores env-driven plugin auto-enable in minimal gateway mode 141ms
 ✓ src/gateway/gateway.test.ts (13 tests) 14413ms
     ✓ pairs the local CLI before a runtime-token loopback gateway becomes ready  7117ms
     ✓ preserves generated auth across a safe direct gateway reload  1327ms
     ✓ preserves explicit-override auth across a safe direct gateway reload  555ms
     ✓ preserves secret-ref-override auth across a safe direct gateway reload  540ms
     ✓ preserves runtime-overrides auth across a safe direct gateway reload  642ms
     ✓ refreshes direct hook target policy after hot reload  1168ms
     ✓ re-resolves a startup auth SecretRef override when secrets reload  517ms
     ✓ preserves runtime-seeded Control UI origins across a safe direct reload  530ms
     ✓ accepts a gateway agent request over ws and returns a run id  553ms
     ✓ does not reload workspace plugins when POST /tools/invoke rebuilds tools for the same workspace  395ms
     ✓ runs wizard over ws and writes auth token config  627ms

 Test Files  1 passed (1)
      Tests  13 passed (13)
   Start at  16:01:48
   Duration  21.03s (transform 9.95s, setup 121ms, import 6.09s, tests 14.41s, environment 0ms)


 Test Files  1 passed (1)
      Tests  13 passed (13)
   Start at  16:01:48
   Duration  21.03s (transform 9.95s, setup 121ms, import 6.09s, tests 14.41s, environment 0ms)

[vitest-workers] verifying completed generation before cleanup
[test] passed 1 Vitest shard in 27.25s
