[test] preparing E2E runtime before Vitest workers
OpenClaw 2026.8.1 (7d00984)
[tsdown-build] invocation 1/1 finished in 2.9s
[test] starting test/vitest/vitest.e2e.config.ts

 RUN  v4.1.11 <HOME>/Desktop/oss/<WORKTREE>


 RUN  v4.1.11 <HOME>/Desktop/oss/<WORKTREE>

[vitest-workers] prepared 792489549214 in 2748ms (7552 inputs, 3348 outputs)
 ✓ src/gateway/gateway.test.ts > gateway e2e > pairs the local CLI before a runtime-token loopback gateway becomes ready 8359ms
 ✓ src/gateway/gateway.test.ts > gateway e2e > preserves generated auth across a safe direct gateway reload 2622ms
 ✓ src/gateway/gateway.test.ts > gateway e2e > preserves explicit-override auth across a safe direct gateway reload 661ms
 ✓ src/gateway/gateway.test.ts > gateway e2e > preserves secret-ref-override auth across a safe direct gateway reload 575ms
 ✓ src/gateway/gateway.test.ts > gateway e2e > preserves runtime-overrides auth across a safe direct gateway reload 678ms
 ✓ src/gateway/gateway.test.ts > gateway e2e > refreshes direct hook target policy after hot reload 1143ms
 ✓ src/gateway/gateway.test.ts > gateway e2e > re-resolves a startup auth SecretRef override when secrets reload 525ms
 ✓ src/gateway/gateway.test.ts > gateway e2e > preserves runtime-seeded Control UI origins across a safe direct reload 546ms
 ✓ src/gateway/gateway.test.ts > gateway e2e > accepts a gateway agent request over ws and returns a run id 542ms
 ✓ src/gateway/gateway.test.ts > gateway e2e > does not reload workspace plugins when POST /tools/invoke rebuilds tools for the same workspace 389ms
 ✓ src/gateway/gateway.test.ts > gateway e2e > runs wizard over ws and writes auth token config 517ms
 ✓ src/gateway/gateway.test.ts > gateway e2e > returns targeted channel resolution errors without wizard or config effects 286ms
 ✓ src/gateway/gateway.test.ts > gateway e2e > ignores env-driven plugin auto-enable in minimal gateway mode 148ms
 ✓ src/gateway/gateway.test.ts (13 tests) 16996ms
     ✓ pairs the local CLI before a runtime-token loopback gateway becomes ready  8359ms
     ✓ preserves generated auth across a safe direct gateway reload  2622ms
     ✓ preserves explicit-override auth across a safe direct gateway reload  661ms
     ✓ preserves secret-ref-override auth across a safe direct gateway reload  575ms
     ✓ preserves runtime-overrides auth across a safe direct gateway reload  678ms
     ✓ refreshes direct hook target policy after hot reload  1143ms
     ✓ re-resolves a startup auth SecretRef override when secrets reload  525ms
     ✓ preserves runtime-seeded Control UI origins across a safe direct reload  546ms
     ✓ accepts a gateway agent request over ws and returns a run id  542ms
     ✓ does not reload workspace plugins when POST /tools/invoke rebuilds tools for the same workspace  389ms
     ✓ runs wizard over ws and writes auth token config  517ms

 Test Files  1 passed (1)
      Tests  13 passed (13)
   Start at  15:59:22
   Duration  22.76s (transform 11.29s, setup 122ms, import 5.24s, tests 17.00s, environment 0ms)


 Test Files  1 passed (1)
      Tests  13 passed (13)
   Start at  15:59:22
   Duration  22.76s (transform 11.29s, setup 122ms, import 5.24s, tests 17.00s, environment 0ms)

[vitest-workers] verifying completed generation before cleanup
[test] passed 1 Vitest shard in 29.06s
