[test] preparing E2E runtime before Vitest workers
OpenClaw 2026.8.1 (7d00984)
[PLUGIN_TIMINGS] Your build spent 99% of 3.0s inside plugin hooks (3.0s).
Measured inside the callback, so queue time is excluded and time the callback itself awaited is not:
  - rolldown-plugin-dts:generate load (89%, 2.7s, 119 calls)
Those rows are 89% of the build; the rest of the 99% is below.
Not measurable — 3 hooks whose calls overlap, so elapsed time covers work other calls were doing. Profile with `node --cpu-prof`:
  - tsdown:deps resolveId (673 calls)
  - rolldown-plugin-dts:resolver resolveId (790 calls)
  - rolldown-plugin-dts:fake-js transform (119 calls)
See https://rolldown.rs/reference/InputOptions.checks#plugintimings for more details.

[tsdown-build] invocation 1/1 finished in 3.4s
[test] starting test/vitest/vitest.e2e.config.ts

 RUN  v4.1.11 <HOME>/Desktop/oss/<WORKTREE>


 RUN  v4.1.11 <HOME>/Desktop/oss/<WORKTREE>

[vitest-workers] prepared 792489549214 in 3011ms (7552 inputs, 3348 outputs)
 ✓ src/gateway/gateway.test.ts > gateway e2e > pairs the local CLI before a runtime-token loopback gateway becomes ready 7078ms
 ✓ src/gateway/gateway.test.ts > gateway e2e > preserves generated auth across a safe direct gateway reload 1542ms
 ✓ src/gateway/gateway.test.ts > gateway e2e > preserves explicit-override auth across a safe direct gateway reload 595ms
 ✓ src/gateway/gateway.test.ts > gateway e2e > preserves secret-ref-override auth across a safe direct gateway reload 557ms
 ✓ src/gateway/gateway.test.ts > gateway e2e > preserves runtime-overrides auth across a safe direct gateway reload 619ms
 ✓ src/gateway/gateway.test.ts > gateway e2e > refreshes direct hook target policy after hot reload 1143ms
 ✓ src/gateway/gateway.test.ts > gateway e2e > re-resolves a startup auth SecretRef override when secrets reload 538ms
 ✓ src/gateway/gateway.test.ts > gateway e2e > preserves runtime-seeded Control UI origins across a safe direct reload 568ms
 ✓ src/gateway/gateway.test.ts > gateway e2e > accepts a gateway agent request over ws and returns a run id 757ms
 ✓ src/gateway/gateway.test.ts > gateway e2e > does not reload workspace plugins when POST /tools/invoke rebuilds tools for the same workspace 466ms
 ✓ src/gateway/gateway.test.ts > gateway e2e > runs wizard over ws and writes auth token config 576ms
 ✓ src/gateway/gateway.test.ts > gateway e2e > returns targeted channel resolution errors without wizard or config effects 298ms
 ✓ src/gateway/gateway.test.ts > gateway e2e > ignores env-driven plugin auto-enable in minimal gateway mode 150ms
 ✓ src/gateway/gateway.test.ts (13 tests) 14890ms
     ✓ pairs the local CLI before a runtime-token loopback gateway becomes ready  7078ms
     ✓ preserves generated auth across a safe direct gateway reload  1542ms
     ✓ preserves explicit-override auth across a safe direct gateway reload  595ms
     ✓ preserves secret-ref-override auth across a safe direct gateway reload  557ms
     ✓ preserves runtime-overrides auth across a safe direct gateway reload  619ms
     ✓ refreshes direct hook target policy after hot reload  1143ms
     ✓ re-resolves a startup auth SecretRef override when secrets reload  538ms
     ✓ preserves runtime-seeded Control UI origins across a safe direct reload  568ms
     ✓ accepts a gateway agent request over ws and returns a run id  757ms
     ✓ does not reload workspace plugins when POST /tools/invoke rebuilds tools for the same workspace  466ms
     ✓ runs wizard over ws and writes auth token config  576ms

 Test Files  1 passed (1)
      Tests  13 passed (13)
   Start at  16:00:20
   Duration  20.97s (transform 9.59s, setup 119ms, import 5.56s, tests 14.89s, environment 0ms)


 Test Files  1 passed (1)
      Tests  13 passed (13)
   Start at  16:00:20
   Duration  20.98s (transform 9.59s, setup 119ms, import 5.56s, tests 14.89s, environment 0ms)

[vitest-workers] verifying completed generation before cleanup
[test] passed 1 Vitest shard in 27.81s
