[test] preparing E2E runtime before Vitest workers
OpenClaw 2026.8.1 (7d00984)
[tsdown-build] invocation 1/1 finished in 3.0s
[test] starting test/vitest/vitest.e2e.config.ts

 RUN  v4.1.11 <HOME>/Desktop/oss/<WORKTREE>


 RUN  v4.1.11 <HOME>/Desktop/oss/<WORKTREE>

[vitest-workers] prepared 792489549214 in 2805ms (7552 inputs, 3348 outputs)
 ✓ src/gateway/gateway.test.ts > gateway e2e > pairs the local CLI before a runtime-token loopback gateway becomes ready 6703ms
 ✓ src/gateway/gateway.test.ts > gateway e2e > preserves generated auth across a safe direct gateway reload 1258ms
 ✓ src/gateway/gateway.test.ts > gateway e2e > preserves explicit-override auth across a safe direct gateway reload 521ms
 ✓ src/gateway/gateway.test.ts > gateway e2e > preserves secret-ref-override auth across a safe direct gateway reload 548ms
 ✓ src/gateway/gateway.test.ts > gateway e2e > preserves runtime-overrides auth across a safe direct gateway reload 589ms
 ✓ src/gateway/gateway.test.ts > gateway e2e > refreshes direct hook target policy after hot reload 1133ms
 ✓ src/gateway/gateway.test.ts > gateway e2e > re-resolves a startup auth SecretRef override when secrets reload 479ms
 ✓ src/gateway/gateway.test.ts > gateway e2e > preserves runtime-seeded Control UI origins across a safe direct reload 530ms
 ✓ src/gateway/gateway.test.ts > gateway e2e > accepts a gateway agent request over ws and returns a run id 581ms
 ✓ src/gateway/gateway.test.ts > gateway e2e > does not reload workspace plugins when POST /tools/invoke rebuilds tools for the same workspace 381ms
 ✓ src/gateway/gateway.test.ts > gateway e2e > runs wizard over ws and writes auth token config 516ms
 ✓ src/gateway/gateway.test.ts > gateway e2e > returns targeted channel resolution errors without wizard or config effects 273ms
 ✓ src/gateway/gateway.test.ts > gateway e2e > ignores env-driven plugin auto-enable in minimal gateway mode 143ms
 ✓ src/gateway/gateway.test.ts (13 tests) 13659ms
     ✓ pairs the local CLI before a runtime-token loopback gateway becomes ready  6703ms
     ✓ preserves generated auth across a safe direct gateway reload  1258ms
     ✓ preserves explicit-override auth across a safe direct gateway reload  521ms
     ✓ preserves secret-ref-override auth across a safe direct gateway reload  548ms
     ✓ preserves runtime-overrides auth across a safe direct gateway reload  589ms
     ✓ refreshes direct hook target policy after hot reload  1133ms
     ✓ re-resolves a startup auth SecretRef override when secrets reload  479ms
     ✓ preserves runtime-seeded Control UI origins across a safe direct reload  530ms
     ✓ accepts a gateway agent request over ws and returns a run id  581ms
     ✓ does not reload workspace plugins when POST /tools/invoke rebuilds tools for the same workspace  381ms
     ✓ runs wizard over ws and writes auth token config  516ms

 Test Files  1 passed (1)
      Tests  13 passed (13)
   Start at  15:58:55
   Duration  19.46s (transform 9.04s, setup 113ms, import 5.29s, tests 13.66s, environment 0ms)


 Test Files  1 passed (1)
      Tests  13 passed (13)
   Start at  15:58:55
   Duration  19.46s (transform 9.04s, setup 113ms, import 5.29s, tests 13.66s, environment 0ms)

[vitest-workers] verifying completed generation before cleanup
[test] passed 1 Vitest shard in 25.61s
