[test] preparing E2E runtime before Vitest workers
OpenClaw 2026.8.1 (7d00984)
[tsdown-build] invocation 1/1 finished in 3.2s
[test] starting test/vitest/vitest.e2e.config.ts

 RUN  v4.1.11 <HOME>/Desktop/oss/<WORKTREE>


 RUN  v4.1.11 <HOME>/Desktop/oss/<WORKTREE>

[vitest-workers] prepared 792489549214 in 3012ms (7552 inputs, 3348 outputs)
 ✓ src/gateway/gateway.test.ts > gateway e2e > pairs the local CLI before a runtime-token loopback gateway becomes ready 7047ms
 ✓ src/gateway/gateway.test.ts > gateway e2e > preserves generated auth across a safe direct gateway reload 1321ms
 ✓ src/gateway/gateway.test.ts > gateway e2e > preserves explicit-override auth across a safe direct gateway reload 569ms
 ✓ src/gateway/gateway.test.ts > gateway e2e > preserves secret-ref-override auth across a safe direct gateway reload 547ms
 ✓ src/gateway/gateway.test.ts > gateway e2e > preserves runtime-overrides auth across a safe direct gateway reload 627ms
 ✓ src/gateway/gateway.test.ts > gateway e2e > refreshes direct hook target policy after hot reload 1140ms
 ✓ src/gateway/gateway.test.ts > gateway e2e > re-resolves a startup auth SecretRef override when secrets reload 494ms
 ✓ src/gateway/gateway.test.ts > gateway e2e > preserves runtime-seeded Control UI origins across a safe direct reload 537ms
 ✓ src/gateway/gateway.test.ts > gateway e2e > accepts a gateway agent request over ws and returns a run id 534ms
 ✓ src/gateway/gateway.test.ts > gateway e2e > does not reload workspace plugins when POST /tools/invoke rebuilds tools for the same workspace 402ms
 ✓ src/gateway/gateway.test.ts > gateway e2e > runs wizard over ws and writes auth token config 529ms
 ✓ src/gateway/gateway.test.ts > gateway e2e > returns targeted channel resolution errors without wizard or config effects 283ms
 ✓ src/gateway/gateway.test.ts > gateway e2e > ignores env-driven plugin auto-enable in minimal gateway mode 145ms
 ✓ src/gateway/gateway.test.ts (13 tests) 14178ms
     ✓ pairs the local CLI before a runtime-token loopback gateway becomes ready  7047ms
     ✓ preserves generated auth across a safe direct gateway reload  1321ms
     ✓ preserves explicit-override auth across a safe direct gateway reload  569ms
     ✓ preserves secret-ref-override auth across a safe direct gateway reload  547ms
     ✓ preserves runtime-overrides auth across a safe direct gateway reload  627ms
     ✓ refreshes direct hook target policy after hot reload  1140ms
     ✓ re-resolves a startup auth SecretRef override when secrets reload  494ms
     ✓ preserves runtime-seeded Control UI origins across a safe direct reload  537ms
     ✓ accepts a gateway agent request over ws and returns a run id  534ms
     ✓ does not reload workspace plugins when POST /tools/invoke rebuilds tools for the same workspace  402ms
     ✓ runs wizard over ws and writes auth token config  529ms

 Test Files  1 passed (1)
      Tests  13 passed (13)
   Start at  15:58:01
   Duration  20.46s (transform 9.68s, setup 121ms, import 5.76s, tests 14.18s, environment 0ms)


 Test Files  1 passed (1)
      Tests  13 passed (13)
   Start at  15:58:01
   Duration  20.46s (transform 9.68s, setup 121ms, import 5.76s, tests 14.18s, environment 0ms)

[vitest-workers] verifying completed generation before cleanup
[test] passed 1 Vitest shard in 27.07s
