[test] preparing E2E runtime before Vitest workers
OpenClaw 2026.8.1 (7d00984)
[tsdown-build] invocation 1/1 finished in 2.9s
[test] starting test/vitest/vitest.e2e.config.ts

 RUN  v4.1.11 <HOME>/Desktop/oss/<WORKTREE>


 RUN  v4.1.11 <HOME>/Desktop/oss/<WORKTREE>

[vitest-workers] prepared 792489549214 in 3183ms (7552 inputs, 3348 outputs)
 ✓ src/gateway/gateway.test.ts > gateway e2e > pairs the local CLI before a runtime-token loopback gateway becomes ready 8744ms
 ✓ src/gateway/gateway.test.ts > gateway e2e > preserves generated auth across a safe direct gateway reload 1520ms
 ✓ src/gateway/gateway.test.ts > gateway e2e > preserves explicit-override auth across a safe direct gateway reload 587ms
 ✓ src/gateway/gateway.test.ts > gateway e2e > preserves secret-ref-override auth across a safe direct gateway reload 558ms
 ✓ src/gateway/gateway.test.ts > gateway e2e > preserves runtime-overrides auth across a safe direct gateway reload 765ms
 ✓ src/gateway/gateway.test.ts > gateway e2e > refreshes direct hook target policy after hot reload 1308ms
 ✓ src/gateway/gateway.test.ts > gateway e2e > re-resolves a startup auth SecretRef override when secrets reload 517ms
 ✓ src/gateway/gateway.test.ts > gateway e2e > preserves runtime-seeded Control UI origins across a safe direct reload 565ms
 ✓ src/gateway/gateway.test.ts > gateway e2e > accepts a gateway agent request over ws and returns a run id 631ms
 ✓ src/gateway/gateway.test.ts > gateway e2e > does not reload workspace plugins when POST /tools/invoke rebuilds tools for the same workspace 393ms
 ✓ src/gateway/gateway.test.ts > gateway e2e > runs wizard over ws and writes auth token config 532ms
 ✓ src/gateway/gateway.test.ts > gateway e2e > returns targeted channel resolution errors without wizard or config effects 295ms
 ✓ src/gateway/gateway.test.ts > gateway e2e > ignores env-driven plugin auto-enable in minimal gateway mode 149ms
 ✓ src/gateway/gateway.test.ts (13 tests) 16566ms
     ✓ pairs the local CLI before a runtime-token loopback gateway becomes ready  8744ms
     ✓ preserves generated auth across a safe direct gateway reload  1520ms
     ✓ preserves explicit-override auth across a safe direct gateway reload  587ms
     ✓ preserves secret-ref-override auth across a safe direct gateway reload  558ms
     ✓ preserves runtime-overrides auth across a safe direct gateway reload  765ms
     ✓ refreshes direct hook target policy after hot reload  1308ms
     ✓ re-resolves a startup auth SecretRef override when secrets reload  517ms
     ✓ preserves runtime-seeded Control UI origins across a safe direct reload  565ms
     ✓ accepts a gateway agent request over ws and returns a run id  631ms
     ✓ does not reload workspace plugins when POST /tools/invoke rebuilds tools for the same workspace  393ms
     ✓ runs wizard over ws and writes auth token config  532ms

 Test Files  1 passed (1)
      Tests  13 passed (13)
   Start at  15:54:09
   Duration  23.64s (transform 11.48s, setup 120ms, import 6.56s, tests 16.57s, environment 0ms)


 Test Files  1 passed (1)
      Tests  13 passed (13)
   Start at  15:54:09
   Duration  23.64s (transform 11.48s, setup 120ms, import 6.56s, tests 16.57s, environment 0ms)

[vitest-workers] verifying completed generation before cleanup
[test] passed 1 Vitest shard in 30.04s
