[test] preparing E2E runtime before Vitest workers
OpenClaw 2026.8.1 (7d00984)
[tsdown-build] invocation 1/1 finished in 3.3s
[test] starting test/vitest/vitest.e2e.config.ts

 RUN  v4.1.11 <HOME>/Desktop/oss/<WORKTREE>


 RUN  v4.1.11 <HOME>/Desktop/oss/<WORKTREE>

[vitest-workers] prepared 792489549214 in 3358ms (7552 inputs, 3348 outputs)
 ✓ src/gateway/gateway.test.ts > gateway e2e > pairs the local CLI before a runtime-token loopback gateway becomes ready 7702ms
 ✓ src/gateway/gateway.test.ts > gateway e2e > preserves generated auth across a safe direct gateway reload 1388ms
 ✓ src/gateway/gateway.test.ts > gateway e2e > preserves explicit-override auth across a safe direct gateway reload 549ms
 ✓ src/gateway/gateway.test.ts > gateway e2e > preserves secret-ref-override auth across a safe direct gateway reload 557ms
 ✓ src/gateway/gateway.test.ts > gateway e2e > preserves runtime-overrides auth across a safe direct gateway reload 611ms
 ✓ src/gateway/gateway.test.ts > gateway e2e > refreshes direct hook target policy after hot reload 1149ms
 ✓ src/gateway/gateway.test.ts > gateway e2e > re-resolves a startup auth SecretRef override when secrets reload 511ms
 ✓ src/gateway/gateway.test.ts > gateway e2e > preserves runtime-seeded Control UI origins across a safe direct reload 532ms
 ✓ src/gateway/gateway.test.ts > gateway e2e > accepts a gateway agent request over ws and returns a run id 530ms
 ✓ src/gateway/gateway.test.ts > gateway e2e > does not reload workspace plugins when POST /tools/invoke rebuilds tools for the same workspace 392ms
 ✓ src/gateway/gateway.test.ts > gateway e2e > runs wizard over ws and writes auth token config 546ms
 ✓ src/gateway/gateway.test.ts > gateway e2e > returns targeted channel resolution errors without wizard or config effects 297ms
 ✓ src/gateway/gateway.test.ts > gateway e2e > ignores env-driven plugin auto-enable in minimal gateway mode 158ms
 ✓ src/gateway/gateway.test.ts (13 tests) 14926ms
     ✓ pairs the local CLI before a runtime-token loopback gateway becomes ready  7702ms
     ✓ preserves generated auth across a safe direct gateway reload  1388ms
     ✓ preserves explicit-override auth across a safe direct gateway reload  549ms
     ✓ preserves secret-ref-override auth across a safe direct gateway reload  557ms
     ✓ preserves runtime-overrides auth across a safe direct gateway reload  611ms
     ✓ refreshes direct hook target policy after hot reload  1149ms
     ✓ re-resolves a startup auth SecretRef override when secrets reload  511ms
     ✓ preserves runtime-seeded Control UI origins across a safe direct reload  532ms
     ✓ accepts a gateway agent request over ws and returns a run id  530ms
     ✓ does not reload workspace plugins when POST /tools/invoke rebuilds tools for the same workspace  392ms
     ✓ runs wizard over ws and writes auth token config  546ms

 Test Files  1 passed (1)
      Tests  13 passed (13)
   Start at  15:53:41
   Duration  21.79s (transform 10.64s, setup 142ms, import 6.28s, tests 14.93s, environment 0ms)


 Test Files  1 passed (1)
      Tests  13 passed (13)
   Start at  15:53:41
   Duration  21.79s (transform 10.64s, setup 142ms, import 6.28s, tests 14.93s, environment 0ms)

[vitest-workers] verifying completed generation before cleanup
[test] passed 1 Vitest shard in 28.46s
